MYO3A
IFFO2
NEO1
HOXB-AS3
FAM47E
MT1X
LRRC2
FBXO2
TF
SLC12A2
NPY5R
EFNA3
GSN
PLLP
C1orf21
SLC19A3
SYT13
TRIM35
KLF9
DPP6
SYN2
MIR10A
